---
source: crates/pcb-diode-api/src/component.rs
expression: result
---
(footprint "Test"
	(layer "F.Cu")
	(pad "1" smd rect
		(at 0 0)
		(size 1 1)
		(layers "F.Cu")
	)

	(model "kicad-embed://test.step"
		(offset
			(xyz 0 0 0)
		)
		(scale
			(xyz 1 1 1)
		)
		(rotate
			(xyz 0 0 0)
		)
	)
	(embedded_files
		(file
			(name test.step)
			(type model)
			(data |KLUv/QBYcQAAU1RFUCBEQVRBIEhFUkU=|)
			(checksum "368eafac8da1ec359463c2e25c4a62db836ca6633c73e039aa84ebe38b28c3bb")
		)
	)
)
