---
source: crates/pcb/tests/build.rs
expression: output
---
Command: pcb build board.zen
Exit Code: 0

--- STDOUT ---

--- STDERR ---
Warning: '@github/mycompany/components' is an unstable reference. Use a pinned version.
   ╭─[ <TEMP_DIR>/board.zen:2:25 ]
 2 │SimpleResistor = Module("@github/mycompany/components/SimpleResistor.zen")
   │                                                ╰───────────────────────── '@github/mycompany/components' is an unstable reference. Use a pinned version.

✓ board.zen (1 components)
