---
source: crates/pcb/tests/electrical_checks.rs
expression: output
---
Command: pcb build board.zen
Exit Code: 0

--- STDOUT ---

--- STDERR ---
âœ“ board.zen (0 components)
