---
source: crates/pcb/tests/simple.rs
expression: output
---
Command: pcb build boards/SimpleBoard.zen
Exit Code: 0

--- STDOUT ---

--- STDERR ---
âœ“ SimpleBoard.zen (0 components)
