---
source: crates/pcb/tests/test_bench.rs
expression: output
---
Command: pcb test simple_testbench.zen -f tap
Exit Code: 0

--- STDOUT ---
TAP version 13
1..3
ok 1 TestBench 'SimpleTest' case 'basic' check 'check_components_exist'
ok 2 TestBench 'SimpleTest' case 'basic' check 'check_power_connections'
ok 3 TestBench 'SimpleTest' case 'basic' check 'check_path_finding'
--- STDERR ---
[1m[32mâœ“ SimpleTest[0m: 3 checks passed across 1 case
