---
source: crates/pcb-zen/tests/assert.rs
expression: netlist
---
Error: [TEMP_DIR]test.zen:2:1-14 boom
