---
source: crates/pcb-zen/tests/test.rs
expression: netlist
---
Error: [TEMP_DIR]test_unknown.zen:5:1-19:2 Unknown pin name 'INVALID'
