---
source: crates/pcb-zen-core/tests/assert.rs
expression: output
---
Warning: test.zen:2:1-22 first warning
Warning: test.zen:3:1-23 second warning
{
    <root>: Module {
        path: <root>,
        source: "test.zen",
    },
}
[]
