---
source: crates/pcb-zen-core/tests/net.rs
expression: output
---
sig1.level: enum("HIGH")
{
    <root>: Module {
        path: <root>,
        source: "test.zen",
    },
}
[]
