---
source: crates/pcb-zen-core/tests/symbol.rs
expression: output
---
Error: test.zen:3:7-15 Symbol requires either 'definition' or 'library' parameter
