---
source: crates/diode-star-core/tests/file.rs
expression: output
---
Module {
    name: "<root>",
    source: "subdir/test.star",
}
[]
